// Jest Snapshot v1, https://goo.gl/fbAQLP

exports[`grid-row should render without problems 1`] = `
<div
  className="grid-row grid-row_gutter-mobile-s_16 grid-row_gutter-desktop-m_24 grid-row_justify_between"
/>
`;
