// Jest Snapshot v1, https://goo.gl/fbAQLP

exports[`radio should render without problems 1`] = `
<Radio
  size="m"
  tabIndex={0}
>
  <label
    className="radio radio_size_m radio_theme_alfa-on-white"
    onBlur={[Function]}
    onFocus={[Function]}
    onMouseEnter={[Function]}
    onMouseLeave={[Function]}
    tabIndex={0}
  >
    <div>
      <span
        className="radio__box"
      >
        <input
          autoComplete="off"
          checked={false}
          className="radio__control"
          onChange={[Function]}
          onClick={[Function]}
          tabIndex="-1"
          type="radio"
        />
      </span>
    </div>
  </label>
</Radio>
`;
