// Jest Snapshot v1, https://goo.gl/fbAQLP

exports[`heading should render without problem 1`] = `
<h4
  className="heading heading_size_s heading_theme_alfa-on-white"
>
  Heading
</h4>
`;
