// Jest Snapshot v1, https://goo.gl/fbAQLP

exports[`calendar should render without problems 1`] = `
<Calendar
  eventDays={Array []}
  isKeyboard={true}
  month={1529020800000}
  months={
    Array [
      "Январь",
      "Февраль",
      "Март",
      "Апрель",
      "Май",
      "Июнь",
      "Июль",
      "Август",
      "Сентябрь",
      "Октябрь",
      "Ноябрь",
      "Декабрь",
    ]
  }
  offDays={Array []}
  outputFormat="DD.MM.YYYY"
  selectedFrom={null}
  selectedTo={null}
  showArrows={true}
  showToday={false}
  weekdays={
    Array [
      "Пн",
      "Вт",
      "Ср",
      "Чт",
      "Пт",
      "Сб",
      "Вс",
    ]
  }
>
  <div
    className="calendar"
    onBlur={[Function]}
    onFocus={[Function]}
    onKeyDown={[Function]}
    onKeyUp={[Function]}
    role="grid"
    tabIndex={0}
  >
    <div
      className="calendar__title"
    >
      <div
        className="calendar__arrow calendar__arrow_direction_left"
        data-disabled={false}
        data-step="-1"
        onClick={[Function]}
        role="button"
        tabIndex={0}
      />
      <div
        className="calendar__arrow calendar__arrow_direction_right"
        data-disabled={false}
        data-step="1"
        onClick={[Function]}
        role="button"
        tabIndex={0}
      />
      <div
        className="calendar__select-buttons"
      >
        <div
          className="calendar__name calendar__name_month"
          onClick={[Function]}
          role="button"
          tabIndex={0}
        >
          <div
            className="calendar__select-text"
          >
            Июнь
          </div>
          <div
            className="calendar__select-arrows"
          />
        </div>
        <div
          className="calendar__name calendar__name_year"
          onClick={[Function]}
          role="button"
          tabIndex={0}
        >
          <div
            className="calendar__select-text"
          >
            2018
          </div>
          <div
            className="calendar__select-arrows"
          />
        </div>
      </div>
    </div>
    <table
      className="calendar__layout"
    >
      <tbody>
        <tr
          className="calendar__row"
          key="row_1"
        >
          <th
            className="calendar__dayname"
            key="Пн"
          >
            Пн
          </th>
          <th
            className="calendar__dayname"
            key="Вт"
          >
            Вт
          </th>
          <th
            className="calendar__dayname"
            key="Ср"
          >
            Ср
          </th>
          <th
            className="calendar__dayname"
            key="Чт"
          >
            Чт
          </th>
          <th
            className="calendar__dayname"
            key="Пт"
          >
            Пт
          </th>
          <th
            className="calendar__dayname calendar__dayname_type_weekend"
            key="Сб"
          >
            Сб
          </th>
          <th
            className="calendar__dayname calendar__dayname_type_weekend"
            key="Вс"
          >
            Вс
          </th>
        </tr>
        <tr
          className="calendar__row"
          key="row_2"
        >
          <td
            key="day_1"
          >
            <div
              className="calendar__day calendar__day_empty"
              data-day={null}
              onClick={[Function]}
              role="gridcell"
              tabIndex={0}
            />
          </td>
          <td
            key="day_2"
          >
            <div
              className="calendar__day calendar__day_empty"
              data-day={null}
              onClick={[Function]}
              role="gridcell"
              tabIndex={0}
            />
          </td>
          <td
            key="day_3"
          >
            <div
              className="calendar__day calendar__day_empty"
              data-day={null}
              onClick={[Function]}
              role="gridcell"
              tabIndex={0}
            />
          </td>
          <td
            key="day_4"
          >
            <div
              className="calendar__day calendar__day_empty"
              data-day={null}
              onClick={[Function]}
              role="gridcell"
              tabIndex={0}
            />
          </td>
          <td
            key="1527811200000"
          >
            <div
              className="calendar__day"
              data-day={1527811200000}
              onClick={[Function]}
              role="gridcell"
              tabIndex={0}
            >
              1
            </div>
          </td>
          <td
            key="1527897600000"
          >
            <div
              className="calendar__day calendar__day_type_weekend"
              data-day={1527897600000}
              onClick={[Function]}
              role="gridcell"
              tabIndex={0}
            >
              2
            </div>
          </td>
          <td
            key="1527984000000"
          >
            <div
              className="calendar__day calendar__day_type_weekend"
              data-day={1527984000000}
              onClick={[Function]}
              role="gridcell"
              tabIndex={0}
            >
              3
            </div>
          </td>
        </tr>
        <tr
          className="calendar__row"
          key="row_3"
        >
          <td
            key="1528070400000"
          >
            <div
              className="calendar__day"
              data-day={1528070400000}
              onClick={[Function]}
              role="gridcell"
              tabIndex={0}
            >
              4
            </div>
          </td>
          <td
            key="1528156800000"
          >
            <div
              className="calendar__day"
              data-day={1528156800000}
              onClick={[Function]}
              role="gridcell"
              tabIndex={0}
            >
              5
            </div>
          </td>
          <td
            key="1528243200000"
          >
            <div
              className="calendar__day"
              data-day={1528243200000}
              onClick={[Function]}
              role="gridcell"
              tabIndex={0}
            >
              6
            </div>
          </td>
          <td
            key="1528329600000"
          >
            <div
              className="calendar__day"
              data-day={1528329600000}
              onClick={[Function]}
              role="gridcell"
              tabIndex={0}
            >
              7
            </div>
          </td>
          <td
            key="1528416000000"
          >
            <div
              className="calendar__day"
              data-day={1528416000000}
              onClick={[Function]}
              role="gridcell"
              tabIndex={0}
            >
              8
            </div>
          </td>
          <td
            key="1528502400000"
          >
            <div
              className="calendar__day calendar__day_type_weekend"
              data-day={1528502400000}
              onClick={[Function]}
              role="gridcell"
              tabIndex={0}
            >
              9
            </div>
          </td>
          <td
            key="1528588800000"
          >
            <div
              className="calendar__day calendar__day_type_weekend"
              data-day={1528588800000}
              onClick={[Function]}
              role="gridcell"
              tabIndex={0}
            >
              10
            </div>
          </td>
        </tr>
        <tr
          className="calendar__row"
          key="row_4"
        >
          <td
            key="1528675200000"
          >
            <div
              className="calendar__day"
              data-day={1528675200000}
              onClick={[Function]}
              role="gridcell"
              tabIndex={0}
            >
              11
            </div>
          </td>
          <td
            key="1528761600000"
          >
            <div
              className="calendar__day"
              data-day={1528761600000}
              onClick={[Function]}
              role="gridcell"
              tabIndex={0}
            >
              12
            </div>
          </td>
          <td
            key="1528848000000"
          >
            <div
              className="calendar__day"
              data-day={1528848000000}
              onClick={[Function]}
              role="gridcell"
              tabIndex={0}
            >
              13
            </div>
          </td>
          <td
            key="1528934400000"
          >
            <div
              className="calendar__day"
              data-day={1528934400000}
              onClick={[Function]}
              role="gridcell"
              tabIndex={0}
            >
              14
            </div>
          </td>
          <td
            key="1529020800000"
          >
            <div
              className="calendar__day"
              data-day={1529020800000}
              onClick={[Function]}
              role="gridcell"
              tabIndex={0}
            >
              15
            </div>
          </td>
          <td
            key="1529107200000"
          >
            <div
              className="calendar__day calendar__day_type_weekend"
              data-day={1529107200000}
              onClick={[Function]}
              role="gridcell"
              tabIndex={0}
            >
              16
            </div>
          </td>
          <td
            key="1529193600000"
          >
            <div
              className="calendar__day calendar__day_type_weekend"
              data-day={1529193600000}
              onClick={[Function]}
              role="gridcell"
              tabIndex={0}
            >
              17
            </div>
          </td>
        </tr>
        <tr
          className="calendar__row"
          key="row_5"
        >
          <td
            key="1529280000000"
          >
            <div
              className="calendar__day"
              data-day={1529280000000}
              onClick={[Function]}
              role="gridcell"
              tabIndex={0}
            >
              18
            </div>
          </td>
          <td
            key="1529366400000"
          >
            <div
              className="calendar__day"
              data-day={1529366400000}
              onClick={[Function]}
              role="gridcell"
              tabIndex={0}
            >
              19
            </div>
          </td>
          <td
            key="1529452800000"
          >
            <div
              className="calendar__day"
              data-day={1529452800000}
              onClick={[Function]}
              role="gridcell"
              tabIndex={0}
            >
              20
            </div>
          </td>
          <td
            key="1529539200000"
          >
            <div
              className="calendar__day"
              data-day={1529539200000}
              onClick={[Function]}
              role="gridcell"
              tabIndex={0}
            >
              21
            </div>
          </td>
          <td
            key="1529625600000"
          >
            <div
              className="calendar__day"
              data-day={1529625600000}
              onClick={[Function]}
              role="gridcell"
              tabIndex={0}
            >
              22
            </div>
          </td>
          <td
            key="1529712000000"
          >
            <div
              className="calendar__day calendar__day_type_weekend"
              data-day={1529712000000}
              onClick={[Function]}
              role="gridcell"
              tabIndex={0}
            >
              23
            </div>
          </td>
          <td
            key="1529798400000"
          >
            <div
              className="calendar__day calendar__day_type_weekend"
              data-day={1529798400000}
              onClick={[Function]}
              role="gridcell"
              tabIndex={0}
            >
              24
            </div>
          </td>
        </tr>
        <tr
          className="calendar__row"
          key="row_6"
        >
          <td
            key="1529884800000"
          >
            <div
              className="calendar__day"
              data-day={1529884800000}
              onClick={[Function]}
              role="gridcell"
              tabIndex={0}
            >
              25
            </div>
          </td>
          <td
            key="1529971200000"
          >
            <div
              className="calendar__day"
              data-day={1529971200000}
              onClick={[Function]}
              role="gridcell"
              tabIndex={0}
            >
              26
            </div>
          </td>
          <td
            key="1530057600000"
          >
            <div
              className="calendar__day"
              data-day={1530057600000}
              onClick={[Function]}
              role="gridcell"
              tabIndex={0}
            >
              27
            </div>
          </td>
          <td
            key="1530144000000"
          >
            <div
              className="calendar__day"
              data-day={1530144000000}
              onClick={[Function]}
              role="gridcell"
              tabIndex={0}
            >
              28
            </div>
          </td>
          <td
            key="1530230400000"
          >
            <div
              className="calendar__day"
              data-day={1530230400000}
              onClick={[Function]}
              role="gridcell"
              tabIndex={0}
            >
              29
            </div>
          </td>
          <td
            key="1530316800000"
          >
            <div
              className="calendar__day calendar__day_type_weekend"
              data-day={1530316800000}
              onClick={[Function]}
              role="gridcell"
              tabIndex={0}
            >
              30
            </div>
          </td>
          <td
            key="day_7"
          >
            <div
              className="calendar__day calendar__day_empty"
              data-day={null}
              onClick={[Function]}
              role="gridcell"
              tabIndex={0}
            />
          </td>
        </tr>
        <tr
          className="calendar__row"
          key="row_7"
        >
          <td
            key="day_1"
          >
            <div
              className="calendar__day calendar__day_empty"
              data-day={null}
              onClick={[Function]}
              role="gridcell"
              tabIndex={0}
            />
          </td>
          <td
            key="day_2"
          >
            <div
              className="calendar__day calendar__day_empty"
              data-day={null}
              onClick={[Function]}
              role="gridcell"
              tabIndex={0}
            />
          </td>
          <td
            key="day_3"
          >
            <div
              className="calendar__day calendar__day_empty"
              data-day={null}
              onClick={[Function]}
              role="gridcell"
              tabIndex={0}
            />
          </td>
          <td
            key="day_4"
          >
            <div
              className="calendar__day calendar__day_empty"
              data-day={null}
              onClick={[Function]}
              role="gridcell"
              tabIndex={0}
            />
          </td>
          <td
            key="day_5"
          >
            <div
              className="calendar__day calendar__day_empty"
              data-day={null}
              onClick={[Function]}
              role="gridcell"
              tabIndex={0}
            />
          </td>
          <td
            key="day_6"
          >
            <div
              className="calendar__day calendar__day_empty"
              data-day={null}
              onClick={[Function]}
              role="gridcell"
              tabIndex={0}
            />
          </td>
          <td
            key="day_7"
          >
            <div
              className="calendar__day calendar__day_empty"
              data-day={null}
              onClick={[Function]}
              role="gridcell"
              tabIndex={0}
            />
          </td>
        </tr>
      </tbody>
    </table>
  </div>
</Calendar>
`;
