// Jest Snapshot v1, https://goo.gl/fbAQLP

exports[`spin should render without problems 1`] = `
<Spin
  size="m"
  visible={false}
>
  <span
    className="spin spin_size_m spin_theme_alfa-on-white"
  />
</Spin>
`;
