// Jest Snapshot v1, https://goo.gl/fbAQLP

exports[`menu-item should render without problem 1`] = `
<div
  className="menu-item menu-item_type_link menu-item_theme_alfa-on-white"
>
  <Link
    checked={false}
    className="menu-item__control menu-item__link"
    disabled={false}
    iconPosition="left"
    onBlur={[Function]}
    onClick={[Function]}
    onFocus={[Function]}
    onMouseEnter={[Function]}
    onMouseLeave={[Function]}
    pseudo={false}
    size="m"
    tabIndex={0}
    text={false}
    url="#"
  >
    MenuItem
  </Link>
</div>
`;
