// Jest Snapshot v1, https://goo.gl/fbAQLP

exports[`plate should render without problems 1`] = `
<ThemeProvider
  theme="alfa-on-white"
>
  <div
    className="plate plate_theme_alfa-on-white"
    onClick={[Function]}
    onKeyDown={[Function]}
  >
    <div
      className="plate__content"
    >
      plate-text
    </div>
  </div>
</ThemeProvider>
`;
