// Jest Snapshot v1, https://goo.gl/fbAQLP

exports[`form-field should render without problems 1`] = `
<FormField
  size="m"
>
  <div
    className="form-field form-field_size_m form-field_theme_alfa-on-white"
  >
    FormField-test
  </div>
</FormField>
`;
