// Jest Snapshot v1, https://goo.gl/fbAQLP

exports[`theme-provider should render without problems 1`] = `
<ThemeProvider>
  <div>
    Render-test
  </div>
</ThemeProvider>
`;
