// Jest Snapshot v1, https://goo.gl/fbAQLP

exports[`icon render IconAccount without problems: IconAccount 1`] = `
<Icon
  name="account"
  size="m"
/>
`;

exports[`icon render IconAccountAdd without problems: IconAccountAdd 1`] = `
<Icon
  name="account-add"
  size="m"
/>
`;

exports[`icon render IconAccountDefault without problems: IconAccountDefault 1`] = `
<Icon
  name="account-default"
  size="m"
/>
`;

exports[`icon render IconAccountEuro without problems: IconAccountEuro 1`] = `
<Icon
  name="account-euro"
  size="m"
/>
`;

exports[`icon render IconAccountInfo without problems: IconAccountInfo 1`] = `
<Icon
  name="account-info"
  size="m"
/>
`;

exports[`icon render IconAccountMain without problems: IconAccountMain 1`] = `
<Icon
  name="account-main"
  size="m"
/>
`;

exports[`icon render IconAccountRub without problems: IconAccountRub 1`] = `
<Icon
  name="account-rub"
  size="m"
/>
`;

exports[`icon render IconAccountShared without problems: IconAccountShared 1`] = `
<Icon
  name="account-shared"
  size="m"
/>
`;

exports[`icon render IconAccountText without problems: IconAccountText 1`] = `
<Icon
  name="account-text"
  size="m"
/>
`;

exports[`icon render IconAccountUsd without problems: IconAccountUsd 1`] = `
<Icon
  name="account-usd"
  size="m"
/>
`;

exports[`icon render IconAdd without problems: IconAdd 1`] = `
<Icon
  name="add"
  size="m"
/>
`;

exports[`icon render IconAddressBook without problems: IconAddressBook 1`] = `
<Icon
  name="address-book"
  size="m"
/>
`;

exports[`icon render IconAlfacheck without problems: IconAlfacheck 1`] = `
<Icon
  name="alfacheck"
  size="m"
/>
`;

exports[`icon render IconAlfadialogue without problems: IconAlfadialogue 1`] = `
<Icon
  name="alfadialogue"
  size="m"
/>
`;

exports[`icon render IconAlfamobile without problems: IconAlfamobile 1`] = `
<Icon
  name="alfamobile"
  size="m"
/>
`;

exports[`icon render IconAnalytics without problems: IconAnalytics 1`] = `
<Icon
  name="analytics"
  size="m"
/>
`;

exports[`icon render IconArrowBack without problems: IconArrowBack 1`] = `
<Icon
  name="arrow-back"
  size="m"
/>
`;

exports[`icon render IconArrowBottom without problems: IconArrowBottom 1`] = `
<Icon
  name="arrow-bottom"
  size="m"
/>
`;

exports[`icon render IconArrowDouble without problems: IconArrowDouble 1`] = `
<Icon
  name="arrow-double"
  size="m"
/>
`;

exports[`icon render IconArrowDown without problems: IconArrowDown 1`] = `
<Icon
  name="arrow-down"
  size="m"
/>
`;

exports[`icon render IconArrowLeft without problems: IconArrowLeft 1`] = `
<Icon
  name="arrow-left"
  size="m"
/>
`;

exports[`icon render IconArrowRight without problems: IconArrowRight 1`] = `
<Icon
  name="arrow-right"
  size="m"
/>
`;

exports[`icon render IconArrowTop without problems: IconArrowTop 1`] = `
<Icon
  name="arrow-top"
  size="m"
/>
`;

exports[`icon render IconArrowUp without problems: IconArrowUp 1`] = `
<Icon
  name="arrow-up"
  size="m"
/>
`;

exports[`icon render IconAtm without problems: IconAtm 1`] = `
<Icon
  name="atm"
  size="m"
/>
`;

exports[`icon render IconAttachment without problems: IconAttachment 1`] = `
<Icon
  name="attachment"
  size="m"
/>
`;

exports[`icon render IconBack without problems: IconBack 1`] = `
<Icon
  name="back"
  size="m"
/>
`;

exports[`icon render IconBackspace without problems: IconBackspace 1`] = `
<Icon
  name="backspace"
  size="m"
/>
`;

exports[`icon render IconBag without problems: IconBag 1`] = `
<Icon
  name="bag"
  size="m"
/>
`;

exports[`icon render IconBank244 without problems: IconBank244 1`] = `
<Icon
  name="bank-244"
  size="m"
/>
`;

exports[`icon render IconBank256 without problems: IconBank256 1`] = `
<Icon
  name="bank-256"
  size="m"
/>
`;

exports[`icon render IconBank285 without problems: IconBank285 1`] = `
<Icon
  name="bank-285"
  size="m"
/>
`;

exports[`icon render IconBank351 without problems: IconBank351 1`] = `
<Icon
  name="bank-351"
  size="m"
/>
`;

exports[`icon render IconBank404 without problems: IconBank404 1`] = `
<Icon
  name="bank-404"
  size="m"
/>
`;

exports[`icon render IconBank439 without problems: IconBank439 1`] = `
<Icon
  name="bank-439"
  size="m"
/>
`;

exports[`icon render IconBank1309 without problems: IconBank1309 1`] = `
<Icon
  name="bank-1309"
  size="m"
/>
`;

exports[`icon render IconBank1415 without problems: IconBank1415 1`] = `
<Icon
  name="bank-1415"
  size="m"
/>
`;

exports[`icon render IconBank1490 without problems: IconBank1490 1`] = `
<Icon
  name="bank-1490"
  size="m"
/>
`;

exports[`icon render IconBank1516 without problems: IconBank1516 1`] = `
<Icon
  name="bank-1516"
  size="m"
/>
`;

exports[`icon render IconBank2377 without problems: IconBank2377 1`] = `
<Icon
  name="bank-2377"
  size="m"
/>
`;

exports[`icon render IconBank2449 without problems: IconBank2449 1`] = `
<Icon
  name="bank-2449"
  size="m"
/>
`;

exports[`icon render IconBank3001 without problems: IconBank3001 1`] = `
<Icon
  name="bank-3001"
  size="m"
/>
`;

exports[`icon render IconBank3308 without problems: IconBank3308 1`] = `
<Icon
  name="bank-3308"
  size="m"
/>
`;

exports[`icon render IconBank4267 without problems: IconBank4267 1`] = `
<Icon
  name="bank-4267"
  size="m"
/>
`;

exports[`icon render IconBank4924 without problems: IconBank4924 1`] = `
<Icon
  name="bank-4924"
  size="m"
/>
`;

exports[`icon render IconBank5030 without problems: IconBank5030 1`] = `
<Icon
  name="bank-5030"
  size="m"
/>
`;

exports[`icon render IconBank5475 without problems: IconBank5475 1`] = `
<Icon
  name="bank-5475"
  size="m"
/>
`;

exports[`icon render IconBank6415 without problems: IconBank6415 1`] = `
<Icon
  name="bank-6415"
  size="m"
/>
`;

exports[`icon render IconBank7311 without problems: IconBank7311 1`] = `
<Icon
  name="bank-7311"
  size="m"
/>
`;

exports[`icon render IconBank7686 without problems: IconBank7686 1`] = `
<Icon
  name="bank-7686"
  size="m"
/>
`;

exports[`icon render IconBank7687 without problems: IconBank7687 1`] = `
<Icon
  name="bank-7687"
  size="m"
/>
`;

exports[`icon render IconBank8967 without problems: IconBank8967 1`] = `
<Icon
  name="bank-8967"
  size="m"
/>
`;

exports[`icon render IconBank9908 without problems: IconBank9908 1`] = `
<Icon
  name="bank-9908"
  size="m"
/>
`;

exports[`icon render IconBank10223 without problems: IconBank10223 1`] = `
<Icon
  name="bank-10223"
  size="m"
/>
`;

exports[`icon render IconBankBinbank without problems: IconBankBinbank 1`] = `
<Icon
  name="bank-binbank"
  size="m"
/>
`;

exports[`icon render IconBankGazprombank without problems: IconBankGazprombank 1`] = `
<Icon
  name="bank-gazprombank"
  size="m"
/>
`;

exports[`icon render IconBuy without problems: IconBuy 1`] = `
<Icon
  name="buy"
  size="m"
/>
`;

exports[`icon render IconCalendar without problems: IconCalendar 1`] = `
<Icon
  name="calendar"
  size="m"
/>
`;

exports[`icon render IconCall without problems: IconCall 1`] = `
<Icon
  name="call"
  size="m"
/>
`;

exports[`icon render IconCamera without problems: IconCamera 1`] = `
<Icon
  name="camera"
  size="m"
/>
`;

exports[`icon render IconCard without problems: IconCard 1`] = `
<Icon
  name="card"
  size="m"
/>
`;

exports[`icon render IconCardAccountsList without problems: IconCardAccountsList 1`] = `
<Icon
  name="card-accounts-list"
  size="m"
/>
`;

exports[`icon render IconCardActivate without problems: IconCardActivate 1`] = `
<Icon
  name="card-activate"
  size="m"
/>
`;

exports[`icon render IconCardActivation without problems: IconCardActivation 1`] = `
<Icon
  name="card-activation"
  size="m"
/>
`;

exports[`icon render IconCardAdd without problems: IconCardAdd 1`] = `
<Icon
  name="card-add"
  size="m"
/>
`;

exports[`icon render IconCardBelkart without problems: IconCardBelkart 1`] = `
<Icon
  name="card-belkart"
  size="m"
/>
`;

exports[`icon render IconCardExpences without problems: IconCardExpences 1`] = `
<Icon
  name="card-expences"
  size="m"
/>
`;

exports[`icon render IconCardGooglepay without problems: IconCardGooglepay 1`] = `
<Icon
  name="card-googlepay"
  size="m"
/>
`;

exports[`icon render IconCardList without problems: IconCardList 1`] = `
<Icon
  name="card-list"
  size="m"
/>
`;

exports[`icon render IconCardMaestro without problems: IconCardMaestro 1`] = `
<Icon
  name="card-maestro"
  size="m"
/>
`;

exports[`icon render IconCardMastercard without problems: IconCardMastercard 1`] = `
<Icon
  name="card-mastercard"
  size="m"
/>
`;

exports[`icon render IconCardMir without problems: IconCardMir 1`] = `
<Icon
  name="card-mir"
  size="m"
/>
`;

exports[`icon render IconCardPinChange without problems: IconCardPinChange 1`] = `
<Icon
  name="card-pin-change"
  size="m"
/>
`;

exports[`icon render IconCardUnknown without problems: IconCardUnknown 1`] = `
<Icon
  name="card-unknown"
  size="m"
/>
`;

exports[`icon render IconCardVisa without problems: IconCardVisa 1`] = `
<Icon
  name="card-visa"
  size="m"
/>
`;

exports[`icon render IconCardVisaElectron without problems: IconCardVisaElectron 1`] = `
<Icon
  name="card-visa-electron"
  size="m"
/>
`;

exports[`icon render IconCash without problems: IconCash 1`] = `
<Icon
  name="cash"
  size="m"
/>
`;

exports[`icon render IconCashbackBonus without problems: IconCashbackBonus 1`] = `
<Icon
  name="cashback-bonus"
  size="m"
/>
`;

exports[`icon render IconCategoryAppliances without problems: IconCategoryAppliances 1`] = `
<Icon
  name="category-appliances"
  size="m"
/>
`;

exports[`icon render IconCategoryAtm without problems: IconCategoryAtm 1`] = `
<Icon
  name="category-atm"
  size="m"
/>
`;

exports[`icon render IconCategoryAuto without problems: IconCategoryAuto 1`] = `
<Icon
  name="category-auto"
  size="m"
/>
`;

exports[`icon render IconCategoryBooksMovies without problems: IconCategoryBooksMovies 1`] = `
<Icon
  name="category-books-movies"
  size="m"
/>
`;

exports[`icon render IconCategoryBudget without problems: IconCategoryBudget 1`] = `
<Icon
  name="category-budget"
  size="m"
/>
`;

exports[`icon render IconCategoryBusiness without problems: IconCategoryBusiness 1`] = `
<Icon
  name="category-business"
  size="m"
/>
`;

exports[`icon render IconCategoryBusinessActivity without problems: IconCategoryBusinessActivity 1`] = `
<Icon
  name="category-business-activity"
  size="m"
/>
`;

exports[`icon render IconCategoryBusinessTrip without problems: IconCategoryBusinessTrip 1`] = `
<Icon
  name="category-business-trip"
  size="m"
/>
`;

exports[`icon render IconCategoryCash without problems: IconCategoryCash 1`] = `
<Icon
  name="category-cash"
  size="m"
/>
`;

exports[`icon render IconCategoryCashback without problems: IconCategoryCashback 1`] = `
<Icon
  name="category-cashback"
  size="m"
/>
`;

exports[`icon render IconCategoryCharity without problems: IconCategoryCharity 1`] = `
<Icon
  name="category-charity"
  size="m"
/>
`;

exports[`icon render IconCategoryDefault without problems: IconCategoryDefault 1`] = `
<Icon
  name="category-default"
  size="m"
/>
`;

exports[`icon render IconCategoryDress without problems: IconCategoryDress 1`] = `
<Icon
  name="category-dress"
  size="m"
/>
`;

exports[`icon render IconCategoryDunno without problems: IconCategoryDunno 1`] = `
<Icon
  name="category-dunno"
  size="m"
/>
`;

exports[`icon render IconCategoryEducation without problems: IconCategoryEducation 1`] = `
<Icon
  name="category-education"
  size="m"
/>
`;

exports[`icon render IconCategoryEntertainment without problems: IconCategoryEntertainment 1`] = `
<Icon
  name="category-entertainment"
  size="m"
/>
`;

exports[`icon render IconCategoryFamily without problems: IconCategoryFamily 1`] = `
<Icon
  name="category-family"
  size="m"
/>
`;

exports[`icon render IconCategoryFinance without problems: IconCategoryFinance 1`] = `
<Icon
  name="category-finance"
  size="m"
/>
`;

exports[`icon render IconCategoryFines without problems: IconCategoryFines 1`] = `
<Icon
  name="category-fines"
  size="m"
/>
`;

exports[`icon render IconCategoryForgot without problems: IconCategoryForgot 1`] = `
<Icon
  name="category-forgot"
  size="m"
/>
`;

exports[`icon render IconCategoryGasoline without problems: IconCategoryGasoline 1`] = `
<Icon
  name="category-gasoline"
  size="m"
/>
`;

exports[`icon render IconCategoryGibddFines without problems: IconCategoryGibddFines 1`] = `
<Icon
  name="category-gibdd-fines"
  size="m"
/>
`;

exports[`icon render IconCategoryHealth without problems: IconCategoryHealth 1`] = `
<Icon
  name="category-health"
  size="m"
/>
`;

exports[`icon render IconCategoryHobby without problems: IconCategoryHobby 1`] = `
<Icon
  name="category-hobby"
  size="m"
/>
`;

exports[`icon render IconCategoryHousekeeping without problems: IconCategoryHousekeeping 1`] = `
<Icon
  name="category-housekeeping"
  size="m"
/>
`;

exports[`icon render IconCategoryInvestments without problems: IconCategoryInvestments 1`] = `
<Icon
  name="category-investments"
  size="m"
/>
`;

exports[`icon render IconCategoryLoans without problems: IconCategoryLoans 1`] = `
<Icon
  name="category-loans"
  size="m"
/>
`;

exports[`icon render IconCategoryMedicine without problems: IconCategoryMedicine 1`] = `
<Icon
  name="category-medicine"
  size="m"
/>
`;

exports[`icon render IconCategoryMobileInternet without problems: IconCategoryMobileInternet 1`] = `
<Icon
  name="category-mobile-internet"
  size="m"
/>
`;

exports[`icon render IconCategoryMortgage without problems: IconCategoryMortgage 1`] = `
<Icon
  name="category-mortgage"
  size="m"
/>
`;

exports[`icon render IconCategoryMortgaget without problems: IconCategoryMortgaget 1`] = `
<Icon
  name="category-mortgaget"
  size="m"
/>
`;

exports[`icon render IconCategoryOther without problems: IconCategoryOther 1`] = `
<Icon
  name="category-other"
  size="m"
/>
`;

exports[`icon render IconCategoryPerson without problems: IconCategoryPerson 1`] = `
<Icon
  name="category-person"
  size="m"
/>
`;

exports[`icon render IconCategoryPets without problems: IconCategoryPets 1`] = `
<Icon
  name="category-pets"
  size="m"
/>
`;

exports[`icon render IconCategoryRent without problems: IconCategoryRent 1`] = `
<Icon
  name="category-rent"
  size="m"
/>
`;

exports[`icon render IconCategoryRepairs without problems: IconCategoryRepairs 1`] = `
<Icon
  name="category-repairs"
  size="m"
/>
`;

exports[`icon render IconCategoryRestaurants without problems: IconCategoryRestaurants 1`] = `
<Icon
  name="category-restaurants"
  size="m"
/>
`;

exports[`icon render IconCategorySalary without problems: IconCategorySalary 1`] = `
<Icon
  name="category-salary"
  size="m"
/>
`;

exports[`icon render IconCategoryScholarship without problems: IconCategoryScholarship 1`] = `
<Icon
  name="category-scholarship"
  size="m"
/>
`;

exports[`icon render IconCategoryShopping without problems: IconCategoryShopping 1`] = `
<Icon
  name="category-shopping"
  size="m"
/>
`;

exports[`icon render IconCategoryState without problems: IconCategoryState 1`] = `
<Icon
  name="category-state"
  size="m"
/>
`;

exports[`icon render IconCategoryTaxFines without problems: IconCategoryTaxFines 1`] = `
<Icon
  name="category-tax-fines"
  size="m"
/>
`;

exports[`icon render IconCategoryTelecom without problems: IconCategoryTelecom 1`] = `
<Icon
  name="category-telecom"
  size="m"
/>
`;

exports[`icon render IconCategoryTransfer without problems: IconCategoryTransfer 1`] = `
<Icon
  name="category-transfer"
  size="m"
/>
`;

exports[`icon render IconCategoryTransport without problems: IconCategoryTransport 1`] = `
<Icon
  name="category-transport"
  size="m"
/>
`;

exports[`icon render IconCategoryTravel without problems: IconCategoryTravel 1`] = `
<Icon
  name="category-travel"
  size="m"
/>
`;

exports[`icon render IconCategoryTroika without problems: IconCategoryTroika 1`] = `
<Icon
  name="category-troika"
  size="m"
/>
`;

exports[`icon render IconCategoryUser without problems: IconCategoryUser 1`] = `
<Icon
  name="category-user"
  size="m"
/>
`;

exports[`icon render IconCategoryVacation without problems: IconCategoryVacation 1`] = `
<Icon
  name="category-vacation"
  size="m"
/>
`;

exports[`icon render IconChat without problems: IconChat 1`] = `
<Icon
  name="chat"
  size="m"
/>
`;

exports[`icon render IconChatSend without problems: IconChatSend 1`] = `
<Icon
  name="chat-send"
  size="m"
/>
`;

exports[`icon render IconCheck without problems: IconCheck 1`] = `
<Icon
  name="check"
  size="m"
/>
`;

exports[`icon render IconCheckBold without problems: IconCheckBold 1`] = `
<Icon
  name="check-bold"
  size="m"
/>
`;

exports[`icon render IconCheckIndeterminate without problems: IconCheckIndeterminate 1`] = `
<Icon
  name="check-indeterminate"
  size="m"
/>
`;

exports[`icon render IconClock without problems: IconClock 1`] = `
<Icon
  name="clock"
  size="m"
/>
`;

exports[`icon render IconClose without problems: IconClose 1`] = `
<Icon
  name="close"
  size="m"
/>
`;

exports[`icon render IconContactList without problems: IconContactList 1`] = `
<Icon
  name="contact-list"
  size="m"
/>
`;

exports[`icon render IconContactless without problems: IconContactless 1`] = `
<Icon
  name="contactless"
  size="m"
/>
`;

exports[`icon render IconContactlessOff without problems: IconContactlessOff 1`] = `
<Icon
  name="contactless-off"
  size="m"
/>
`;

exports[`icon render IconContactlessOn without problems: IconContactlessOn 1`] = `
<Icon
  name="contactless-on"
  size="m"
/>
`;

exports[`icon render IconConvertRubToUsd without problems: IconConvertRubToUsd 1`] = `
<Icon
  name="convert-rub-to-usd"
  size="m"
/>
`;

exports[`icon render IconCopy without problems: IconCopy 1`] = `
<Icon
  name="copy"
  size="m"
/>
`;

exports[`icon render IconCosts without problems: IconCosts 1`] = `
<Icon
  name="costs"
  size="m"
/>
`;

exports[`icon render IconCostsCard without problems: IconCostsCard 1`] = `
<Icon
  name="costs-card"
  size="m"
/>
`;

exports[`icon render IconCredit without problems: IconCredit 1`] = `
<Icon
  name="credit"
  size="m"
/>
`;

exports[`icon render IconCurrencyChf without problems: IconCurrencyChf 1`] = `
<Icon
  name="currency-chf"
  size="m"
/>
`;

exports[`icon render IconCurrencyEur without problems: IconCurrencyEur 1`] = `
<Icon
  name="currency-eur"
  size="m"
/>
`;

exports[`icon render IconCurrencyEurUsd without problems: IconCurrencyEurUsd 1`] = `
<Icon
  name="currency-eur-usd"
  size="m"
/>
`;

exports[`icon render IconCurrencyGbp without problems: IconCurrencyGbp 1`] = `
<Icon
  name="currency-gbp"
  size="m"
/>
`;

exports[`icon render IconCurrencyJpy without problems: IconCurrencyJpy 1`] = `
<Icon
  name="currency-jpy"
  size="m"
/>
`;

exports[`icon render IconCurrencyRub without problems: IconCurrencyRub 1`] = `
<Icon
  name="currency-rub"
  size="m"
/>
`;

exports[`icon render IconCurrencyRubUsd without problems: IconCurrencyRubUsd 1`] = `
<Icon
  name="currency-rub-usd"
  size="m"
/>
`;

exports[`icon render IconCurrencyUsd without problems: IconCurrencyUsd 1`] = `
<Icon
  name="currency-usd"
  size="m"
/>
`;

exports[`icon render IconCvv without problems: IconCvv 1`] = `
<Icon
  name="cvv"
  size="m"
/>
`;

exports[`icon render IconDelete without problems: IconDelete 1`] = `
<Icon
  name="delete"
  size="m"
/>
`;

exports[`icon render IconDeposit without problems: IconDeposit 1`] = `
<Icon
  name="deposit"
  size="m"
/>
`;

exports[`icon render IconDirections without problems: IconDirections 1`] = `
<Icon
  name="directions"
  size="m"
/>
`;

exports[`icon render IconDiscount without problems: IconDiscount 1`] = `
<Icon
  name="discount"
  size="m"
/>
`;

exports[`icon render IconDislike without problems: IconDislike 1`] = `
<Icon
  name="dislike"
  size="m"
/>
`;

exports[`icon render IconDislikeFilled without problems: IconDislikeFilled 1`] = `
<Icon
  name="dislike-filled"
  size="m"
/>
`;

exports[`icon render IconDone without problems: IconDone 1`] = `
<Icon
  name="done"
  size="m"
/>
`;

exports[`icon render IconDots without problems: IconDots 1`] = `
<Icon
  name="dots"
  size="m"
/>
`;

exports[`icon render IconDown without problems: IconDown 1`] = `
<Icon
  name="down"
  size="m"
/>
`;

exports[`icon render IconDraft without problems: IconDraft 1`] = `
<Icon
  name="draft"
  size="m"
/>
`;

exports[`icon render IconEdit without problems: IconEdit 1`] = `
<Icon
  name="edit"
  size="m"
/>
`;

exports[`icon render IconEmail without problems: IconEmail 1`] = `
<Icon
  name="email"
  size="m"
/>
`;

exports[`icon render IconEmoney without problems: IconEmoney 1`] = `
<Icon
  name="emoney"
  size="m"
/>
`;

exports[`icon render IconErase without problems: IconErase 1`] = `
<Icon
  name="erase"
  size="m"
/>
`;

exports[`icon render IconError without problems: IconError 1`] = `
<Icon
  name="error"
  size="m"
/>
`;

exports[`icon render IconExpandDown without problems: IconExpandDown 1`] = `
<Icon
  name="expand-down"
  size="m"
/>
`;

exports[`icon render IconExpences without problems: IconExpences 1`] = `
<Icon
  name="expences"
  size="m"
/>
`;

exports[`icon render IconExpencesPlanner without problems: IconExpencesPlanner 1`] = `
<Icon
  name="expences-planner"
  size="m"
/>
`;

exports[`icon render IconFail without problems: IconFail 1`] = `
<Icon
  name="fail"
  size="m"
/>
`;

exports[`icon render IconFavorite without problems: IconFavorite 1`] = `
<Icon
  name="favorite"
  size="m"
/>
`;

exports[`icon render IconFavoriteActive without problems: IconFavoriteActive 1`] = `
<Icon
  name="favorite-active"
  size="m"
/>
`;

exports[`icon render IconFavourites without problems: IconFavourites 1`] = `
<Icon
  name="favourites"
  size="m"
/>
`;

exports[`icon render IconFeature without problems: IconFeature 1`] = `
<Icon
  name="feature"
  size="m"
/>
`;

exports[`icon render IconFeedback without problems: IconFeedback 1`] = `
<Icon
  name="feedback"
  size="m"
/>
`;

exports[`icon render IconFeedbackStar without problems: IconFeedbackStar 1`] = `
<Icon
  name="feedback-star"
  size="m"
/>
`;

exports[`icon render IconFeedbackStarSelected without problems: IconFeedbackStarSelected 1`] = `
<Icon
  name="feedback-star-selected"
  size="m"
/>
`;

exports[`icon render IconFifaTrophy without problems: IconFifaTrophy 1`] = `
<Icon
  name="fifa-trophy"
  size="m"
/>
`;

exports[`icon render IconFilter without problems: IconFilter 1`] = `
<Icon
  name="filter"
  size="m"
/>
`;

exports[`icon render IconFingerprint without problems: IconFingerprint 1`] = `
<Icon
  name="fingerprint"
  size="m"
/>
`;

exports[`icon render IconForex without problems: IconForex 1`] = `
<Icon
  name="forex"
  size="m"
/>
`;

exports[`icon render IconFormat1c without problems: IconFormat1c 1`] = `
<Icon
  name="format-1c"
  size="m"
/>
`;

exports[`icon render IconFormatAttach without problems: IconFormatAttach 1`] = `
<Icon
  name="format-attach"
  size="m"
/>
`;

exports[`icon render IconFormatCsv without problems: IconFormatCsv 1`] = `
<Icon
  name="format-csv"
  size="m"
/>
`;

exports[`icon render IconFormatDefault without problems: IconFormatDefault 1`] = `
<Icon
  name="format-default"
  size="m"
/>
`;

exports[`icon render IconFormatDoc without problems: IconFormatDoc 1`] = `
<Icon
  name="format-doc"
  size="m"
/>
`;

exports[`icon render IconFormatPdf without problems: IconFormatPdf 1`] = `
<Icon
  name="format-pdf"
  size="m"
/>
`;

exports[`icon render IconFormatPng without problems: IconFormatPng 1`] = `
<Icon
  name="format-png"
  size="m"
/>
`;

exports[`icon render IconFormatPpt without problems: IconFormatPpt 1`] = `
<Icon
  name="format-ppt"
  size="m"
/>
`;

exports[`icon render IconFormatSketch without problems: IconFormatSketch 1`] = `
<Icon
  name="format-sketch"
  size="m"
/>
`;

exports[`icon render IconFormatSvg without problems: IconFormatSvg 1`] = `
<Icon
  name="format-svg"
  size="m"
/>
`;

exports[`icon render IconFormatTxt without problems: IconFormatTxt 1`] = `
<Icon
  name="format-txt"
  size="m"
/>
`;

exports[`icon render IconFormatXls without problems: IconFormatXls 1`] = `
<Icon
  name="format-xls"
  size="m"
/>
`;

exports[`icon render IconFormatXml without problems: IconFormatXml 1`] = `
<Icon
  name="format-xml"
  size="m"
/>
`;

exports[`icon render IconFormatZip without problems: IconFormatZip 1`] = `
<Icon
  name="format-zip"
  size="m"
/>
`;

exports[`icon render IconGeolocation without problems: IconGeolocation 1`] = `
<Icon
  name="geolocation"
  size="m"
/>
`;

exports[`icon render IconGoals without problems: IconGoals 1`] = `
<Icon
  name="goals"
  size="m"
/>
`;

exports[`icon render IconHelp without problems: IconHelp 1`] = `
<Icon
  name="help"
  size="m"
/>
`;

exports[`icon render IconHelpFilled without problems: IconHelpFilled 1`] = `
<Icon
  name="help-filled"
  size="m"
/>
`;

exports[`icon render IconHistory without problems: IconHistory 1`] = `
<Icon
  name="history"
  size="m"
/>
`;

exports[`icon render IconInbox without problems: IconInbox 1`] = `
<Icon
  name="inbox"
  size="m"
/>
`;

exports[`icon render IconIncome without problems: IconIncome 1`] = `
<Icon
  name="income"
  size="m"
/>
`;

exports[`icon render IconInfo without problems: IconInfo 1`] = `
<Icon
  name="info"
  size="m"
/>
`;

exports[`icon render IconInternet without problems: IconInternet 1`] = `
<Icon
  name="internet"
  size="m"
/>
`;

exports[`icon render IconInvestments without problems: IconInvestments 1`] = `
<Icon
  name="investments"
  size="m"
/>
`;

exports[`icon render IconInvoiceForPayment without problems: IconInvoiceForPayment 1`] = `
<Icon
  name="invoice-for-payment"
  size="m"
/>
`;

exports[`icon render IconKeyboard without problems: IconKeyboard 1`] = `
<Icon
  name="keyboard"
  size="m"
/>
`;

exports[`icon render IconLeft without problems: IconLeft 1`] = `
<Icon
  name="left"
  size="m"
/>
`;

exports[`icon render IconLike without problems: IconLike 1`] = `
<Icon
  name="like"
  size="m"
/>
`;

exports[`icon render IconLikeFilled without problems: IconLikeFilled 1`] = `
<Icon
  name="like-filled"
  size="m"
/>
`;

exports[`icon render IconLimits without problems: IconLimits 1`] = `
<Icon
  name="limits"
  size="m"
/>
`;

exports[`icon render IconLocation without problems: IconLocation 1`] = `
<Icon
  name="location"
  size="m"
/>
`;

exports[`icon render IconLock without problems: IconLock 1`] = `
<Icon
  name="lock"
  size="m"
/>
`;

exports[`icon render IconLockFilled without problems: IconLockFilled 1`] = `
<Icon
  name="lock-filled"
  size="m"
/>
`;

exports[`icon render IconLockUnlock without problems: IconLockUnlock 1`] = `
<Icon
  name="lock-unlock"
  size="m"
/>
`;

exports[`icon render IconLogoAlfabank without problems: IconLogoAlfabank 1`] = `
<Icon
  name="logo-alfabank"
  size="m"
/>
`;

exports[`icon render IconLogout without problems: IconLogout 1`] = `
<Icon
  name="logout"
  size="m"
/>
`;

exports[`icon render IconMaestro without problems: IconMaestro 1`] = `
<Icon
  name="maestro"
  size="m"
/>
`;

exports[`icon render IconManager without problems: IconManager 1`] = `
<Icon
  name="manager"
  size="m"
/>
`;

exports[`icon render IconMastercard without problems: IconMastercard 1`] = `
<Icon
  name="mastercard"
  size="m"
/>
`;

exports[`icon render IconMessage without problems: IconMessage 1`] = `
<Icon
  name="message"
  size="m"
/>
`;

exports[`icon render IconMir without problems: IconMir 1`] = `
<Icon
  name="mir"
  size="m"
/>
`;

exports[`icon render IconMobile without problems: IconMobile 1`] = `
<Icon
  name="mobile"
  size="m"
/>
`;

exports[`icon render IconMoneybox without problems: IconMoneybox 1`] = `
<Icon
  name="moneybox"
  size="m"
/>
`;

exports[`icon render IconMore without problems: IconMore 1`] = `
<Icon
  name="more"
  size="m"
/>
`;

exports[`icon render IconMypayments without problems: IconMypayments 1`] = `
<Icon
  name="mypayments"
  size="m"
/>
`;

exports[`icon render IconNetworkFacebook without problems: IconNetworkFacebook 1`] = `
<Icon
  name="network-facebook"
  size="m"
/>
`;

exports[`icon render IconNetworkTwitter without problems: IconNetworkTwitter 1`] = `
<Icon
  name="network-twitter"
  size="m"
/>
`;

exports[`icon render IconNetworkVk without problems: IconNetworkVk 1`] = `
<Icon
  name="network-vk"
  size="m"
/>
`;

exports[`icon render IconNews without problems: IconNews 1`] = `
<Icon
  name="news"
  size="m"
/>
`;

exports[`icon render IconNext without problems: IconNext 1`] = `
<Icon
  name="next"
  size="m"
/>
`;

exports[`icon render IconNfs without problems: IconNfs 1`] = `
<Icon
  name="nfs"
  size="m"
/>
`;

exports[`icon render IconNotifications without problems: IconNotifications 1`] = `
<Icon
  name="notifications"
  size="m"
/>
`;

exports[`icon render IconOffice without problems: IconOffice 1`] = `
<Icon
  name="office"
  size="m"
/>
`;

exports[`icon render IconOk without problems: IconOk 1`] = `
<Icon
  name="ok"
  size="m"
/>
`;

exports[`icon render IconOkFilled without problems: IconOkFilled 1`] = `
<Icon
  name="ok-filled"
  size="m"
/>
`;

exports[`icon render IconOutcome without problems: IconOutcome 1`] = `
<Icon
  name="outcome"
  size="m"
/>
`;

exports[`icon render IconOverdraft without problems: IconOverdraft 1`] = `
<Icon
  name="overdraft"
  size="m"
/>
`;

exports[`icon render IconPasswordChange without problems: IconPasswordChange 1`] = `
<Icon
  name="password-change"
  size="m"
/>
`;

exports[`icon render IconPasswordHide without problems: IconPasswordHide 1`] = `
<Icon
  name="password-hide"
  size="m"
/>
`;

exports[`icon render IconPasswordShow without problems: IconPasswordShow 1`] = `
<Icon
  name="password-show"
  size="m"
/>
`;

exports[`icon render IconPause without problems: IconPause 1`] = `
<Icon
  name="pause"
  size="m"
/>
`;

exports[`icon render IconPaymentByPhoto without problems: IconPaymentByPhoto 1`] = `
<Icon
  name="payment-by-photo"
  size="m"
/>
`;

exports[`icon render IconPaymentError without problems: IconPaymentError 1`] = `
<Icon
  name="payment-error"
  size="m"
/>
`;

exports[`icon render IconPaymentOutbox without problems: IconPaymentOutbox 1`] = `
<Icon
  name="payment-outbox"
  size="m"
/>
`;

exports[`icon render IconPaymentPlus without problems: IconPaymentPlus 1`] = `
<Icon
  name="payment-plus"
  size="m"
/>
`;

exports[`icon render IconPaymentRoundedPlus without problems: IconPaymentRoundedPlus 1`] = `
<Icon
  name="payment-rounded-plus"
  size="m"
/>
`;

exports[`icon render IconPaymentToCompany without problems: IconPaymentToCompany 1`] = `
<Icon
  name="payment-to-company"
  size="m"
/>
`;

exports[`icon render IconPaymentToPerson without problems: IconPaymentToPerson 1`] = `
<Icon
  name="payment-to-person"
  size="m"
/>
`;

exports[`icon render IconPaymentToSelf without problems: IconPaymentToSelf 1`] = `
<Icon
  name="payment-to-self"
  size="m"
/>
`;

exports[`icon render IconPaymentToState without problems: IconPaymentToState 1`] = `
<Icon
  name="payment-to-state"
  size="m"
/>
`;

exports[`icon render IconPerson without problems: IconPerson 1`] = `
<Icon
  name="person"
  size="m"
/>
`;

exports[`icon render IconPhoto without problems: IconPhoto 1`] = `
<Icon
  name="photo"
  size="m"
/>
`;

exports[`icon render IconPin without problems: IconPin 1`] = `
<Icon
  name="pin"
  size="m"
/>
`;

exports[`icon render IconPinUnpin without problems: IconPinUnpin 1`] = `
<Icon
  name="pin-unpin"
  size="m"
/>
`;

exports[`icon render IconPlanExpenses without problems: IconPlanExpenses 1`] = `
<Icon
  name="plan-expenses"
  size="m"
/>
`;

exports[`icon render IconPlansByCategory without problems: IconPlansByCategory 1`] = `
<Icon
  name="plans-by-category"
  size="m"
/>
`;

exports[`icon render IconPlay without problems: IconPlay 1`] = `
<Icon
  name="play"
  size="m"
/>
`;

exports[`icon render IconPower without problems: IconPower 1`] = `
<Icon
  name="power"
  size="m"
/>
`;

exports[`icon render IconPowerCard without problems: IconPowerCard 1`] = `
<Icon
  name="power-card"
  size="m"
/>
`;

exports[`icon render IconPredictions without problems: IconPredictions 1`] = `
<Icon
  name="predictions"
  size="m"
/>
`;

exports[`icon render IconPresent without problems: IconPresent 1`] = `
<Icon
  name="present"
  size="m"
/>
`;

exports[`icon render IconPrinter without problems: IconPrinter 1`] = `
<Icon
  name="printer"
  size="m"
/>
`;

exports[`icon render IconQr without problems: IconQr 1`] = `
<Icon
  name="qr"
  size="m"
/>
`;

exports[`icon render IconReadyToSend without problems: IconReadyToSend 1`] = `
<Icon
  name="ready-to-send"
  size="m"
/>
`;

exports[`icon render IconRegistry without problems: IconRegistry 1`] = `
<Icon
  name="registry"
  size="m"
/>
`;

exports[`icon render IconRepeat without problems: IconRepeat 1`] = `
<Icon
  name="repeat"
  size="m"
/>
`;

exports[`icon render IconReply without problems: IconReply 1`] = `
<Icon
  name="reply"
  size="m"
/>
`;

exports[`icon render IconRequestMoney without problems: IconRequestMoney 1`] = `
<Icon
  name="request-money"
  size="m"
/>
`;

exports[`icon render IconRight without problems: IconRight 1`] = `
<Icon
  name="right"
  size="m"
/>
`;

exports[`icon render IconSearch without problems: IconSearch 1`] = `
<Icon
  name="search"
  size="m"
/>
`;

exports[`icon render IconSecurity without problems: IconSecurity 1`] = `
<Icon
  name="security"
  size="m"
/>
`;

exports[`icon render IconSell without problems: IconSell 1`] = `
<Icon
  name="sell"
  size="m"
/>
`;

exports[`icon render IconSent without problems: IconSent 1`] = `
<Icon
  name="sent"
  size="m"
/>
`;

exports[`icon render IconSettings without problems: IconSettings 1`] = `
<Icon
  name="settings"
  size="m"
/>
`;

exports[`icon render IconShareAndroid without problems: IconShareAndroid 1`] = `
<Icon
  name="share-android"
  size="m"
/>
`;

exports[`icon render IconShareIos without problems: IconShareIos 1`] = `
<Icon
  name="share-ios"
  size="m"
/>
`;

exports[`icon render IconSign without problems: IconSign 1`] = `
<Icon
  name="sign"
  size="m"
/>
`;

exports[`icon render IconSite without problems: IconSite 1`] = `
<Icon
  name="site"
  size="m"
/>
`;

exports[`icon render IconSubmit without problems: IconSubmit 1`] = `
<Icon
  name="submit"
  size="m"
/>
`;

exports[`icon render IconSubscrption without problems: IconSubscrption 1`] = `
<Icon
  name="subscrption"
  size="m"
/>
`;

exports[`icon render IconSystemBack without problems: IconSystemBack 1`] = `
<Icon
  name="system-back"
  size="m"
/>
`;

exports[`icon render IconSystemClose without problems: IconSystemClose 1`] = `
<Icon
  name="system-close"
  size="m"
/>
`;

exports[`icon render IconSystemHelp without problems: IconSystemHelp 1`] = `
<Icon
  name="system-help"
  size="m"
/>
`;

exports[`icon render IconSystemHideArrow without problems: IconSystemHideArrow 1`] = `
<Icon
  name="system-hide-arrow"
  size="m"
/>
`;

exports[`icon render IconTransferAnyBank without problems: IconTransferAnyBank 1`] = `
<Icon
  name="transfer-any-bank"
  size="m"
/>
`;

exports[`icon render IconTransferAnyBankCredit without problems: IconTransferAnyBankCredit 1`] = `
<Icon
  name="transfer-any-bank-credit"
  size="m"
/>
`;

exports[`icon render IconTransferBetweenAccounts without problems: IconTransferBetweenAccounts 1`] = `
<Icon
  name="transfer-between-accounts"
  size="m"
/>
`;

exports[`icon render IconTransferCard without problems: IconTransferCard 1`] = `
<Icon
  name="transfer-card"
  size="m"
/>
`;

exports[`icon render IconTransferExternal without problems: IconTransferExternal 1`] = `
<Icon
  name="transfer-external"
  size="m"
/>
`;

exports[`icon render IconTransferIn without problems: IconTransferIn 1`] = `
<Icon
  name="transfer-in"
  size="m"
/>
`;

exports[`icon render IconTransferInternal without problems: IconTransferInternal 1`] = `
<Icon
  name="transfer-internal"
  size="m"
/>
`;

exports[`icon render IconTransferOut without problems: IconTransferOut 1`] = `
<Icon
  name="transfer-out"
  size="m"
/>
`;

exports[`icon render IconTransferSelf without problems: IconTransferSelf 1`] = `
<Icon
  name="transfer-self"
  size="m"
/>
`;

exports[`icon render IconTransferToCard without problems: IconTransferToCard 1`] = `
<Icon
  name="transfer-to-card"
  size="m"
/>
`;

exports[`icon render IconUnlock without problems: IconUnlock 1`] = `
<Icon
  name="unlock"
  size="m"
/>
`;

exports[`icon render IconUp without problems: IconUp 1`] = `
<Icon
  name="up"
  size="m"
/>
`;

exports[`icon render IconUser without problems: IconUser 1`] = `
<Icon
  name="user"
  size="m"
/>
`;

exports[`icon render IconUserLogout without problems: IconUserLogout 1`] = `
<Icon
  name="user-logout"
  size="m"
/>
`;

exports[`icon render IconUtilities without problems: IconUtilities 1`] = `
<Icon
  name="utilities"
  size="m"
/>
`;

exports[`icon render IconVerifying without problems: IconVerifying 1`] = `
<Icon
  name="verifying"
  size="m"
/>
`;

exports[`icon render IconVisa without problems: IconVisa 1`] = `
<Icon
  name="visa"
  size="m"
/>
`;

exports[`icon renders without problems 1`] = `
<span
  className="icon icon_size_m icon_theme_alfa-on-white"
/>
`;
