// Jest Snapshot v1, https://goo.gl/fbAQLP

exports[`tag-button renders without problems 1`] = `
<TagButton
  formNoValidate={false}
  size="m"
  tag="button"
  type="button"
>
  <button
    className="tag-button tag-button_size_m tag-button_theme_alfa-on-white"
    formNoValidate={false}
    onBlur={[Function]}
    onClick={[Function]}
    onFocus={[Function]}
    onKeyDown={[Function]}
    onKeyUp={[Function]}
    onMouseDown={[Function]}
    onMouseEnter={[Function]}
    onMouseLeave={[Function]}
    onMouseOut={[Function]}
    onMouseUp={[Function]}
    role="button"
    type="button"
  />
</TagButton>
`;
