// Jest Snapshot v1, https://goo.gl/fbAQLP

exports[`popup-container-provider should render without problems 1`] = `
<div
  className="popup-container popup-container_theme_alfa-on-white"
>
  <div>
    Render-test
  </div>
  <IsolatedContainer />
</div>
`;
