// Jest Snapshot v1, https://goo.gl/fbAQLP

exports[`grid-col should render without problems 1`] = `
<div
  className="grid-col"
/>
`;
